../Core/Src/main.c:61:6:delay	16	static
../Core/Src/main.c:67:6:Set_Pin_Output	40	static
../Core/Src/main.c:76:6:Set_Pin_Input	40	static
../Core/Src/main.c:85:9:DS18B20_Start	16	static
../Core/Src/main.c:103:6:DS18B20_Write	24	static
../Core/Src/main.c:135:9:DS18B20_Read	16	static
../Core/Src/main.c:171:5:main	8	static
../Core/Src/main.c:237:6:SystemClock_Config	88	static
../Core/Src/main.c:284:13:MX_TIM6_Init	16	static
../Core/Src/main.c:322:13:MX_USART2_UART_Init	8	static
../Core/Src/main.c:355:13:MX_GPIO_Init	48	static
../Core/Src/main.c:395:6:Error_Handler	4	static,ignoring_inline_asm
